[Running] python -u "c:\Users\Somanath\OneDrive\Documents\sloT-a LAB\1.find_s - Copy.py"
[['sky', 'airtemp', 'humidity', 'wind', 'water', 'forcast', 'enjoysport'], ['sunny', 'warm', 'normal', 'strong', 'warm', 'same', 'yes'], ['sunny', 'warm', 'high', 'strong', 'warm', 'same', 'yes'], ['rainy', 'cold', 'high', 'strong', 'warm', 'change', 'no'], ['sunny', 'warm', 'high', 'strong', 'cool', 'change', 'yes']]

 The total number of training instances are :  5

 The initial hypothesis is : 
['0', '0', '0', '0', '0', '0']

 The hypothesis for the training instance 1 is :
 ['0', '0', '0', '0', '0', '0']

 The hypothesis for the training instance 2 is :
 ['sunny', 'warm', 'normal', 'strong', 'warm', 'same']

 The hypothesis for the training instance 3 is :
 ['sunny', 'warm', '?', 'strong', 'warm', 'same']

 The hypothesis for the training instance 4 is :
 ['sunny', 'warm', '?', 'strong', 'warm', 'same']

 The hypothesis for the training instance 5 is :
 ['sunny', 'warm', '?', 'strong', '?', '?']

 The Maximally specific hypothesis for the training instance is 
['sunny', 'warm', '?', 'strong', '?', '?']

[Done] exited with code=0 in 0.194 seconds

[Running] python -u "c:\Users\Somanath\OneDrive\Documents\sloT-a LAB\1.find_s.py"
[['sky', 'airtemp', 'humidity', 'wind', 'water', 'forcast', 'enjoysport'], ['sunny', 'warm', 'normal', 'strong', 'warm', 'same', 'yes'], ['sunny', 'warm', 'high', 'strong', 'warm', 'same', 'yes'], ['rainy', 'cold', 'high', 'strong', 'warm', 'change', 'no'], ['sunny', 'warm', 'high', 'strong', 'cool', 'change', 'yes']]

 The total number of training instances are :  5

 The initial hypothesis is : 
['0', '0', '0', '0', '0', '0']

 The hypothesis for the training instance 1 is :
 ['0', '0', '0', '0', '0', '0']

 The hypothesis for the training instance 2 is :
 ['sunny', 'warm', 'normal', 'strong', 'warm', 'same']

 The hypothesis for the training instance 3 is :
 ['sunny', 'warm', '?', 'strong', 'warm', 'same']

 The hypothesis for the training instance 4 is :
 ['sunny', 'warm', '?', 'strong', 'warm', 'same']

 The hypothesis for the training instance 5 is :
 ['sunny', 'warm', '?', 'strong', '?', '?']

 The Maximally specific hypothesis for the training instance is 
['sunny', 'warm', '?', 'strong', '?', '?']

[Done] exited with code=0 in 0.167 seconds

[Running] python -u "c:\Users\Somanath\OneDrive\Documents\sloT-a LAB\2.candidate_elimination.py"
[['sunny' 'warm' 'normal' 'strong' 'warm' 'same']
 ['sunny' 'warm' 'high' 'strong' 'warm' 'same']
 ['rainy' 'cold' 'high' 'strong' 'warm' 'change']
 ['sunny' 'warm' 'high' 'strong' 'cool' 'change']]
['yes' 'yes' 'no' 'yes']
initialization of specific_h and general_h
['sunny' 'warm' 'normal' 'strong' 'warm' 'same']
[['?', '?', '?', '?', '?', '?'], ['?', '?', '?', '?', '?', '?'], ['?', '?', '?', '?', '?', '?'], ['?', '?', '?', '?', '?', '?'], ['?', '?', '?', '?', '?', '?'], ['?', '?', '?', '?', '?', '?']]
['sunny' 'warm' 'normal' 'strong' 'warm' 'same']
['sunny' 'warm' 'normal' 'strong' 'warm' 'same']
['sunny' 'warm' 'normal' 'strong' 'warm' 'same']
['sunny' 'warm' 'normal' 'strong' 'warm' 'same']
['sunny' 'warm' 'normal' 'strong' 'warm' 'same']
['sunny' 'warm' 'normal' 'strong' 'warm' 'same']
['sunny' 'warm' 'normal' 'strong' 'warm' 'same']
 steps of Candidate Elimination Algorithm 1
['sunny' 'warm' 'normal' 'strong' 'warm' 'same']
[['?', '?', '?', '?', '?', '?'], ['?', '?', '?', '?', '?', '?'], ['?', '?', '?', '?', '?', '?'], ['?', '?', '?', '?', '?', '?'], ['?', '?', '?', '?', '?', '?'], ['?', '?', '?', '?', '?', '?']]
['sunny' 'warm' 'normal' 'strong' 'warm' 'same']
['sunny' 'warm' 'normal' 'strong' 'warm' 'same']
['sunny' 'warm' '?' 'strong' 'warm' 'same']
['sunny' 'warm' '?' 'strong' 'warm' 'same']
['sunny' 'warm' '?' 'strong' 'warm' 'same']
['sunny' 'warm' '?' 'strong' 'warm' 'same']
['sunny' 'warm' '?' 'strong' 'warm' 'same']
 steps of Candidate Elimination Algorithm 2
['sunny' 'warm' '?' 'strong' 'warm' 'same']
[['?', '?', '?', '?', '?', '?'], ['?', '?', '?', '?', '?', '?'], ['?', '?', '?', '?', '?', '?'], ['?', '?', '?', '?', '?', '?'], ['?', '?', '?', '?', '?', '?'], ['?', '?', '?', '?', '?', '?']]
['sunny' 'warm' '?' 'strong' 'warm' 'same']
 steps of Candidate Elimination Algorithm 3
['sunny' 'warm' '?' 'strong' 'warm' 'same']
[['sunny', '?', '?', '?', '?', '?'], ['?', 'warm', '?', '?', '?', '?'], ['?', '?', '?', '?', '?', '?'], ['?', '?', '?', '?', '?', '?'], ['?', '?', '?', '?', '?', '?'], ['?', '?', '?', '?', '?', 'same']]
['sunny' 'warm' '?' 'strong' 'warm' 'same']
['sunny' 'warm' '?' 'strong' 'warm' 'same']
['sunny' 'warm' '?' 'strong' 'warm' 'same']
['sunny' 'warm' '?' 'strong' 'warm' 'same']
['sunny' 'warm' '?' 'strong' '?' 'same']
['sunny' 'warm' '?' 'strong' '?' '?']
['sunny' 'warm' '?' 'strong' '?' '?']
 steps of Candidate Elimination Algorithm 4
['sunny' 'warm' '?' 'strong' '?' '?']
[['sunny', '?', '?', '?', '?', '?'], ['?', 'warm', '?', '?', '?', '?'], ['?', '?', '?', '?', '?', '?'], ['?', '?', '?', '?', '?', '?'], ['?', '?', '?', '?', '?', '?'], ['?', '?', '?', '?', '?', '?']]
Final Specific_h:
['sunny' 'warm' '?' 'strong' '?' '?']
Final General_h:
[['sunny', '?', '?', '?', '?', '?'], ['?', 'warm', '?', '?', '?', '?']]

[Done] exited with code=0 in 4.703 seconds

